Script started on Fri 01 May 2015 09:02:00 PM PDT
~
hkwan003@hammer $ cs100
[0;91m
===============================================================================
|                                                                             |
| You have enabled settings specific for cs100.  Everything you do is being   |
| recorded to measure your progress in the class.                             |
|                                                                             |
| Important commands for the class:                                           |
|   * calcgrade.sh          displays a detailed breakdown of your grade       |
|   * checksyscalls.sh      is your cpp file doing proper error checking?     |
|   * typespeed             practice typing unix commands                     |
|                                                                             |
| Important commands for general C++ programming:                             |
|   * make                  don't call g++ manually; let make do the work!    |
|   * gdb                   the GNU debugger                                  |
|   * valgrind              get rid of your memory leaks                      |
|   * cppcheck              static analysis tool                              |
|   * man                   find help about any syscall / terminal command    |
|                                                                             |
===============================================================================
[0m
[s%%%%%%%%%%[u[0;32mhkwan003[0;36m@[0;32mcs100[0;36m:[0;32m~[0;95m [0;36m$[0m ls
61 FOLDEER  calvin  cs100#1  CS-14  Desktop    Downloads  ls.cpp  Pictures  quiz       Videos
a.out	    CS100   cs12     CS61   Documents  gitlearn   Music   Public    Templates  WINDOWS
[s%%%%%%%%%%[u[0;32mhkwan003[0;36m@[0;32mcs100[0;36m:[0;32m~[0;95m [0;36m$[0m cd CS2[K100/
[s%%%%%%%%%%[u[0;32mhkwan003[0;36m@[0;32mcs100[0;36m:[0;32m~/CS100[0;95m [0;36m$[0m ls
Lab1  Lab2  Lab3  rshell
[s%%%%%%%%%%[u[0;32mhkwan003[0;36m@[0;32mcs100[0;36m:[0;32m~/CS100[0;95m [0;36m$[0m cd rshell/
[s%%%%%%%%%%[u[0;32mhkwan003[0;36m@[0;32mcs100[0;36m:[0;32m~/CS100/rshell[0;95m (ls) [0;36m$[0m l
bash: l: command not found
[s%%%%%%%%%%[u[0;32mhkwan003[0;36m@[0;32mcs100[0;36m:[0;32m~/CS100/rshell[0;95m (ls) [0;36m$[0m scfd[K[K[K[Kls
bin  LICENSE  Makefile	README.md  src	tests
[s%%%%%%%%%%[u[0;32mhkwan003[0;36m@[0;32mcs100[0;36m:[0;32m~/CS100/rshell[0;95m (ls) [0;36m$[0m cd r[K[K[K[Kmake clean
rm -rf ./bin
[s%%%%%%%%%%[u[0;32mhkwan003[0;36m@[0;32mcs100[0;36m:[0;32m~/CS100/rshell[0;95m (ls) [0;36m$[0m make
mkdir -p ./bin
g++  ./src/ls.cpp -o ./bin/ls
[s%%%%%%%%%%[u[0;32mhkwan003[0;36m@[0;32mcs100[0;36m:[0;32m~/CS100/rshell[0;95m (ls) [0;36m$[0m bin/ls -a
. .. .git bin LICENSE Makefile README.md src tests 
[s%%%%%%%%%%[u[0;32mhkwan003[0;36m@[0;32mcs100[0;36m:[0;32m~/CS100/rshell[0;95m (ls) [0;36m$[0m bin/ls -B[Kr
. .. .git bin LICENSE Makefile README.md src tests 
[s%%%%%%%%%%[u[0;32mhkwan003[0;36m@[0;32mcs100[0;36m:[0;32m~/CS100/rshell[0;95m (ls) [0;36m$[0m bin/ls -R
. .. .git bin LICENSE Makefile README.md src tests 
[s%%%%%%%%%%[u[0;32mhkwan003[0;36m@[0;32mcs100[0;36m:[0;32m~/CS100/rshell[0;95m (ls) [0;36m$[0m exit
exit
~
hkwan003@hammer $ ls
[0m[01;34m61 FOLDEER[0m/  [01;34mcalvin[0m/  [01;34mcs100#1[0m/  [01;34mCS-14[0m/  [01;34mDesktop[0m/    [01;34mDownloads[0m/  ls.cpp  [01;34mPictures[0m/  [01;34mquiz[0m/       [01;34mVideos[0m/
[01;32ma.out[0m*       [01;34mCS100[0m/   [01;34mcs12[0m/     [01;34mCS61[0m/   [01;34mDocuments[0m/  [01;34mgitlearn[0m/   [01;34mMusic[0m/  [01;34mPublic[0m/    [01;34mTemplates[0m/  [01;34mWINDOWS[0m/
[m~
hkwan003@hammer $ cd CS100/
~/CS100
hkwan003@hammer $ l
bash: l: command not found
~/CS100
hkwan003@hammer $ scd [K[K[K[Kls
[0m[01;34mLab1[0m/  [01;34mLab2[0m/  [01;34mLab3[0m/  [01;34mrshell[0m/
[m~/CS100
hkwan003@hammer $ cd rshell/
~/CS100/rshell
hkwan003@hammer $ l
bash: l: command not found
~/CS100/rshell
hkwan003@hammer $ s[Kls
[0m[01;34mbin[0m/  LICENSE  Makefile  README.md  [01;34msrc[0m/  [01;34mtests[0m/
[m~/CS100/rshell
hkwan003@hammer $ cd r[K[Kt[K tests/
~/CS100/rshell/tests
hkwan003@hammer $ ls
exec.script  ls.script
~/CS100/rshell/tests
hkwan003@hammer $ rm ls.script 
/bin/rm: remove regular empty file `ls.script'? yes
~/CS100/rshell/tests
hkwan003@hammer $ ls
exec.script
~/CS100/rshell/tests
hkwan003@hammer $ script ls.st[Kcript
Script started, file is ls.script
~
hkwan003@hammer $ ls
[0m[01;34m61 FOLDEER[0m/  [01;34mcalvin[0m/  [01;34mcs100#1[0m/  [01;34mCS-14[0m/  [01;34mDesktop[0m/    [01;34mDownloads[0m/  ls.cpp  [01;34mPictures[0m/  [01;34mquiz[0m/       [01;34mVideos[0m/
[01;32ma.out[0m*       [01;34mCS100[0m/   [01;34mcs12[0m/     [01;34mCS61[0m/   [01;34mDocuments[0m/  [01;34mgitlearn[0m/   [01;34mMusic[0m/  [01;34mPublic[0m/    [01;34mTemplates[0m/  [01;34mWINDOWS[0m/
[m~
hkwan003@hammer $ cd CS100/
~/CS100
hkwan003@hammer $ l
bash: l: command not found
~/CS100
hkwan003@hammer $ s[Kls
[0m[01;34mLab1[0m/  [01;34mLab2[0m/  [01;34mLab3[0m/  [01;34mrshell[0m/
[m~/CS100
hkwan003@hammer $ cd rshell/
~/CS100/rshell
hkwan003@hammer $ ls
[0m[01;34mbin[0m/  LICENSE  Makefile  README.md  [01;34msrc[0m/  [01;34mtests[0m/
[m~/CS100/rshell
hkwan003@hammer $ make
mkdir -p ./bin
g++  ./src/ls.cpp -o ./bin/ls
~/CS100/rshell
hkwan003@hammer $ bin/ls -a
. .. .git bin LICENSE Makefile README.md src tests 
~/CS100/rshell
hkwan003@hammer $ bin/ls -R
. .. .git bin LICENSE Makefile README.md src tests 
~/CS100/rshell
hkwan003@hammer $ bin.[K/l[Kp[Kls -Al[K[KalR
. .. .git bin LICENSE Makefile README.md src tests 
~/CS100/rshell
hkwan003@hammer $ exit
exit
Script done, file is ls.script
~/CS100/rshell/tests
hkwan003@hammer $ ls
exec.script  ls.script
~/CS100/rshell/tests
hkwan003@hammer $ vim ls.script 
[?1049h[?1h=[1;60r[?12;25h[?12l[?25h[27m[m[H[2J[?25l[60;1H"ls.script" 36L, 1413C[>c[1;1H[1m[33m  1 [mScript started on Fri 01 May 2015 09:03:44 PM PDT
[1m[33m  2 [m~[1m[34m^M^M[m
[1m[33m  3 [mhkwan003@hammer $ ls[1m[34m^M[m
[1m[33m  4 [m[1m[34m^[[m[0m[1m[34m^[[m[01;34m61 FOLDEER[1m[34m^[[m[0m/  [1m[34m^[[m[01;34mcalvin[1m[34m^[[m[0m/  [1m[34m^[[m[01;34mcs100#1[1m[34m^[[m[0m/  [1m[34m^[[m[01;34mCS-14[1m[34m^[[m[0m/  [1m[34m^[[m[01;34mDesktop[1m[34m^[[m[0mm[5;1H[1m[33m    [m/    [1m[34m^[[m[01;34mDownloads[1m[34m^[[m[0m/  ls.cpp  [1m[34m^[[m[01;34mPictures[1m[34m^[[m[0m/  [1m[34m^[[m[01;34mquiz[1m[34m^[[m[0m/       [1m[34m^[[m[01;34mVideos[1m[34m^[[m[0m/[1m[34m^M[m
[1m[33m  5 [m[1m[34m^[[m[01;32ma.out[1m[34m^[[m[0m*       [1m[34m^[[m[01;34mCS100[1m[34m^[[m[0m/   [1m[34m^[[m[01;34mcs12[1m[34m^[[m[0m/     [1m[34m^[[m[01;34mCS61[1m[34m^[[m[0m/   [1m[34m^[[m[01;34mDocuments[1m[34m^[[m[0m/   [7;1H[1m[33m    [m[1m[34m^[[m[01;34mgitlearn[1m[34m^[[m[0m/   [1m[34m^[[m[01;34mMusic[1m[34m^[[m[0m/  [1m[34m^[[m[01;34mPublic[1m[34m^[[m[0m/    [1m[34m^[[m[01;34mTemplates[1m[34m^[[m[0m/  [1m[34m^[[m[01;34mWINDOWS[1m[34m^[[m[0m/[1m[34m^^[m[8;1H[1m[33m    [m[1m[34mM[m
[1m[33m  6 [m[1m[34m^[[m[m~[1m[34m^M^M[m
[1m[33m  7 [mhkwan003@hammer $ cd CS100/[1m[34m^M[m
[1m[33m  8 [m~/CS100[1m[34m^M^M[m
[1m[33m  9 [mhkwan003@hammer $ l[1m[34m^M[m
[1m[33m 10 [mbash: l: command not found[1m[34m^M[m
[1m[33m 11 [m~/CS100[1m[34m^M^M[m
[1m[33m 12 [mhkwan003@hammer $ s[1m[34m^H^[[m[Kls[1m[34m^M[m
[1m[33m 13 [m[1m[34m^[[m[0m[1m[34m^[[m[01;34mLab1[1m[34m^[[m[0m/  [1m[34m^[[m[01;34mLab2[1m[34m^[[m[0m/  [1m[34m^[[m[01;34mLab3[1m[34m^[[m[0m/  [1m[34m^[[m[01;34mrshell[1m[34m^[[m[0m/[1m[34m^M[m
[1m[33m 14 [m[1m[34m^[[m[m~/CS100[1m[34m^M^M[m
[1m[33m 15 [mhkwan003@hammer $ cd rshell/[1m[34m^M[m
[1m[33m 16 [m~/CS100/rshell[1m[34m^M^M[m
[1m[33m 17 [mhkwan003@hammer $ ls[1m[34m^M[m
[1m[33m 18 [m[1m[34m^[[m[0m[1m[34m^[[m[01;34mbin[1m[34m^[[m[0m/  LICENSE  Makefile  README.md  [1m[34m^[[m[01;34msrc[1m[34m^[[m[0m/  [1m[34m^[[m[01;34mtests[1m[34m^[[m[0m/[1m[34m^M[m
[1m[33m 19 [m[1m[34m^[[m[m~/CS100/rshell[1m[34m^M^M[m
[1m[33m 20 [mhkwan003@hammer $ make[1m[34m^M[m
[1m[33m 21 [mmkdir -p ./bin[1m[34m^M[m
[1m[33m 22 [mg++  ./src/ls.cpp -o ./bin/ls[1m[34m^M[m
[1m[33m 23 [m~/CS100/rshell[1m[34m^M^M[m
[1m[33m 24 [mhkwan003@hammer $ bin/ls -a[1m[34m^M[m
[1m[33m 25 [m. .. .git bin LICENSE Makefile README.md src tests [1m[34m^M[m
[1m[33m 26 [m~/CS100/rshell[1m[34m^M^M[m
[1m[33m 27 [mhkwan003@hammer $ bin/ls -R[1m[34m^M[m
[1m[33m 28 [m. .. .git bin LICENSE Makefile README.md src tests [1m[34m^M[m
[1m[33m 29 [m~/CS100/rshell[1m[34m^M^M[m
[1m[33m 30 [mhkwan003@hammer $ bin.[1m[34m^H^[[m[K/l[1m[34m^H^[[m[Kp[1m[34m^H^[[m[Kls -Al[1m[34m^H^[[m[K[1m[34m^H^[[m[KalR[1m[34m^M[m
[1m[33m 31 [m. .. .git bin LICENSE Makefile README.md src tests [1m[34m^M[m
[1m[33m 32 [m~/CS100/rshell[1m[34m^M^M[m
[1m[33m 33 [mhkwan003@hammer $ exit[1m[34m^M[m
[1m[33m 34 [mexit[1m[34m^M[m
[1m[33m 35 
 36 [mScript done on Fri 01 May 2015 09:04:07 PM PDT
[1m[34m~                                                                                                                             [41;1H~                                                                                                                             [42;1H~                                                                                                                             [43;1H~                                                                                                                             [44;1H~                                                                                                                             [45;1H~                                                                                                                             [46;1H~                                                                                                                             [47;1H~                                                                                                                             [48;1H~                                                                                                                             [49;1H~                                                                                                                             [50;1H~                                                                                                                             [51;1H~                                                                                                                             [52;1H~                                                                                                                             [53;1H~                                                                                                                             [54;1H~                                                                                                                             [55;1H~                                                                                                                             [56;1H~                                                                                                                             [57;1H~                                                                                                                             [58;1H~                                                                                                                             [59;1H~                                                                                                                             [m[60;109H1,1[11CAll[1;5H[?12l[?25hP+q436f\P+q6b75\P+q6b64\P+q6b72\P+q6b6c\P+q2332\P+q2334\P+q2569\P+q2a37\P+q6b31\[?25l[60;1H[K[60;1H:[?12l[?25hw[?25l[?12l[?25hq[?25l[?12l[?25h[?25l[1m[37m[41mError detected while processing BufWrite Auto commands for "*":[m
[1m[37m[41mE117: Unknown function: <SNR>7_StripTrailingWhitespaces[m
"ls.script" 36L, 1413C written
[1m[37m[41mError detected while processing BufWinLeave Auto commands for "*":[m
[1m[37m[41mE739: Cannot create directory: /home/csmajs/hkwan003/.vim/view[m
[1m[37m[41mE190: Cannot open "/home/csmajs/hkwan003/.vim/view/~=+CS100=+rshell=+tests=+ls.script=" for writing
[m[?1l>[?12l[?25h[?1049l~/CS100/rshell/tests
hkwan003@hammer $ ls[K[Krm ls.script 
/bin/rm: remove regular file `ls.script'? yes
~/CS100/rshell/tests
hkwan003@hammer $ ls
exec.script
~/CS100/rshell/tests
hkwan003@hammer $ script ls.sctipt[K[K[K[Ktipt[K[K[K[K[Kcript
Script started, file is ls.script
~
hkwan003@hammer $ cd CS100/
~/CS100
hkwan003@hammer $ ls
[0m[01;34mLab1[0m/  [01;34mLab2[0m/  [01;34mLab3[0m/  [01;34mrshell[0m/
[m~/CS100
hkwan003@hammer $ cd R[Krshell/
~/CS100/rshell
hkwan003@hammer $ ls
[0m[01;34mbin[0m/  LICENSE  Makefile  README.md  [01;34msrc[0m/  [01;34mtests[0m/
[m~/CS100/rshell
hkwan003@hammer $ cd s[Ktests/[K[K[K[K[K[K[K[K[Kmake
mkdir -p ./bin
g++  ./src/ls.cpp -o ./bin/ls
~/CS100/rshell
hkwan003@hammer $ bin/ls -a
. .. .git bin LICENSE Makefile README.md src tests 
~/CS100/rshell
hkwan003@hammer $ bin/ls 
Nothing passed in to argv.
~/CS100/rshell
hkwan003@hammer $ bin/ls -R
. .. .git bin LICENSE Makefile README.md src tests 
~/CS100/rshell
hkwan003@hammer $ bin/ls -
. .. .git bin LICENSE Makefile README.md src tests 
~/CS100/rshell
hkwan003@hammer $ A[Kbin/ls -A[KalR
. .. .git bin LICENSE Makefile README.md src tests 
~/CS100/rshell
hkwan003@hammer $ bin/ls -la
. .. .git bin LICENSE Makefile README.md src tests 
~/CS100/rshell
hkwan003@hammer $ bin/ls #nothing else works but ls -a
Nothing passed in to argv.
~/CS100/rshell
hkwan003@hammer $ bin/ls #at least it is in alpa[Khabetica lo[K[K[Kl order
Nothing passed in to argv.
~/CS100/rshell
hkwan003@hammer $ bin/ls #starting[K[K[K[K[K[K[K[K[K-A[Ka src
. .. .git bin LICENSE Makefile README.md src tests . . .. .. .git .git bin bin LICENSE LICENSE Makefile Makefile README.md README.md src src tests tests 
~/CS100/rshell
hkwan003@hammer $ bin/ls -[K`[K~
. .. .git bin LICENSE Makefile README.md src tests 
~/CS100/rshell
hkwan003@hammer $ bin/ls a[K-s #[K[K[Ka any[K[K[K#any t[Ks[Karugment makes it output ls-a
. .. .git bin LICENSE Makefile README.md src tests 
~/CS100/rshell
hkwan003@hammer $ exit
exit
Script done, file is ls.script
~/CS100/rshell/tests
hkwan003@hammer $ ls
exec.script  ls.script
~/CS100/rshell/tests
hkwan003@hammer $ ls
exec.script  ls.script
~/CS100/rshell/tests
hkwan003@hammer $ vim [K[K[K[Kgit add ls.script [K[K[K[K[K[K[K[K[K[K[K[K[K[K[K[K[K[Kls
exec.script  ls.script
~/CS100/rshell/tests
hkwan003@hammer $ cd ..
~/CS100/rshell
hkwan003@hammer $ ls
[0m[01;34mbin[0m/  LICENSE  Makefile  README.md  [01;34msrc[0m/  [01;34mtests[0m/
[m~/CS100/rshell
hkwan003@hammer $ git add T
fatal: pathspec 'T' did not match any files
~/CS100/rshell
hkwan003@hammer $ git add tests/
~/CS100/rshell
hkwan003@hammer $ git commit -m "cin[K[K[Kfinally about to [K[K[K[K[K[K[Kle to get a scf[Kript going"
[ls a63f274] finally able to get a script going
 3 files changed, 53 insertions(+), 0 deletions(-)
 copy tests/{ls.script => .nfs0000000000354acb0000004e} (100%)
 copy tests/{ls.script => .nfs0000000000354acc00000050} (100%)
~/CS100/rshell
hkwan003@hammer $ git push
error: The requested URL returned error: 403 Forbidden while accessing https://github.com/hkwan003/rshell.git/info/refs

fatal: HTTP request failed
~/CS100/rshell
hkwan003@hammer $ git push
error: The requested URL returned error: 403 Forbidden while accessing https://github.com/hkwan003/rshell.git/info/refs

fatal: HTTP request failed
~/CS100/rshell
hkwan003@hammer $ ls
[0m[01;34mbin[0m/  LICENSE  Makefile  README.md  [01;34msrc[0m/  [01;34mtests[0m/
[m~/CS100/rshell
hkwan003@hammer $ cd tests/
~/CS100/rshell/tests
hkwan003@hammer $ ls
exec.script  ls.script
~/CS100/rshell/tests
hkwan003@hammer $ l[Kvim ls.script 
[?1049h[?1h=[1;60r[?12;25h[?12l[?25h[27m[m[H[2J[?25l[60;1H"ls.script" 53L, 1964C[>c[1;1H[1m[33m  1 [mScript started on Fri 01 May 2015 09:04:36 PM PDT
[1m[33m  2 [m~[1m[34m^M^M[m
[1m[33m  3 [mhkwan003@hammer $ cd CS100/[1m[34m^M[m
[1m[33m  4 [m~/CS100[1m[34m^M^M[m
[1m[33m  5 [mhkwan003@hammer $ ls[1m[34m^M[m
[1m[33m  6 [m[1m[34m^[[m[0m[1m[34m^[[m[01;34mLab1[1m[34m^[[m[0m/  [1m[34m^[[m[01;34mLab2[1m[34m^[[m[0m/  [1m[34m^[[m[01;34mLab3[1m[34m^[[m[0m/  [1m[34m^[[m[01;34mrshell[1m[34m^[[m[0m/[1m[34m^M[m
[1m[33m  7 [m[1m[34m^[[m[m~/CS100[1m[34m^M^M[m
[1m[33m  8 [mhkwan003@hammer $ cd R[1m[34m^G^H^[[m[Krshell/[1m[34m^M[m
[1m[33m  9 [m~/CS100/rshell[1m[34m^M^M[m
[1m[33m 10 [mhkwan003@hammer $ ls[1m[34m^M[m
[1m[33m 11 [m[1m[34m^[[m[0m[1m[34m^[[m[01;34mbin[1m[34m^[[m[0m/  LICENSE  Makefile  README.md  [1m[34m^[[m[01;34msrc[1m[34m^[[m[0m/  [1m[34m^[[m[01;34mtests[1m[34m^[[m[0m/[1m[34m^M[m
[1m[33m 12 [m[1m[34m^[[m[m~/CS100/rshell[1m[34m^M^M[m
[1m[33m 13 [mhkwan003@hammer $ cd s[1m[34m^H^[[m[Ktests/[1m[34m^H^[[m[K[1m[34m^H^[[m[K[1m[34m^H^[[m[K[1m[34m^H^[[m[K[1m[34m^H^[[m[K[1m[34m^H^[[m[K[1m[34m^H^[[m[K[1m[34m^H^[[m[K[1m[34m^H^[[m[K[1m[34m^G^G[mmake[1m[34m^M[m
[1m[33m 14 [mmkdir -p ./bin[1m[34m^M[m
[1m[33m 15 [mg++  ./src/ls.cpp -o ./bin/ls[1m[34m^M[m
[1m[33m 16 [m~/CS100/rshell[1m[34m^M^M[m
[1m[33m 17 [mhkwan003@hammer $ bin/ls -a[1m[34m^M[m
[1m[33m 18 [m. .. .git bin LICENSE Makefile README.md src tests [1m[34m^M[m
[1m[33m 19 [m~/CS100/rshell[1m[34m^M^M[m
[1m[33m 20 [mhkwan003@hammer $ bin/ls [1m[34m^M[m
[1m[33m 21 [mNothing passed in to argv.[1m[34m^M[m
[1m[33m 22 [m~/CS100/rshell[1m[34m^M^M[m
[1m[33m 23 [mhkwan003@hammer $ bin/ls -R[1m[34m^M[m
[1m[33m 24 [m. .. .git bin LICENSE Makefile README.md src tests [1m[34m^M[m
[1m[33m 25 [m~/CS100/rshell[1m[34m^M^M[m
[1m[33m 26 [mhkwan003@hammer $ bin/ls -[1m[34m^M[m
[1m[33m 27 [m. .. .git bin LICENSE Makefile README.md src tests [1m[34m^M[m
[1m[33m 28 [m~/CS100/rshell[1m[34m^M^M[m
[1m[33m 29 [mhkwan003@hammer $ A[1m[34m^H^[[m[Kbin/ls -A[1m[34m^H^[[m[KalR[1m[34m^M[m
[1m[33m 30 [m. .. .git bin LICENSE Makefile README.md src tests [1m[34m^M[m
[1m[33m 31 [m~/CS100/rshell[1m[34m^M^M[m
[1m[33m 32 [mhkwan003@hammer $ bin/ls -la[1m[34m^M[m
[1m[33m 33 [m. .. .git bin LICENSE Makefile README.md src tests [1m[34m^M[m
[1m[33m 34 [m~/CS100/rshell[1m[34m^M^M[m
[1m[33m 35 [mhkwan003@hammer $ bin/ls #nothing else works but ls -a[1m[34m^M[m
[1m[33m 36 [mNothing passed in to argv.[1m[34m^M[m
[1m[33m 37 [m~/CS100/rshell[1m[34m^M^M[m
[1m[33m 38 [mhkwan003@hammer $ bin/ls #at least it is in alpa[1m[34m^H^[[m[Khabetica lo[1m[34m^H^[[m[K[1m[34m^H^[[m[K[1m[34m^H^[[m[Kl order[1m[34m^M[m
[1m[33m 39 [mNothing passed in to argv.[1m[34m^M[m
[1m[33m 40 [m~/CS100/rshell[1m[34m^M^M[m
[1m[33m 41 [mhkwan003@hammer $ bin/ls #starting[1m[34m^H^[[m[K[1m[34m^H^[[m[K[1m[34m^H^[[m[K[1m[34m^H^[[m[K[1m[34m^H^[[m[K[1m[34m^H^[[m[K[1m[34m^H^[[m[K[1m[34m^H^[[m[K[1m[34m^H^[[m[K-A[1m[34m^H^[[m[Ka src[1m[34m^M[m
[1m[33m 42 [m. .. .git bin LICENSE Makefile README.md src tests . . .. .. .git .git bin bin LICENSE LICENSE Makefile Makefile README.mdd[43;1H[1m[33m    [m README.md src src tests tests [1m[34m^M[m
[1m[33m 43 [m~/CS100/rshell[1m[34m^M^M[m
[1m[33m 44 [mhkwan003@hammer $ bin/ls -[1m[34m^H^[[m[K`[1m[34m^H^[[m[K~[1m[34m^M[m
[1m[33m 45 [m. .. .git bin LICENSE Makefile README.md src tests [1m[34m^M[m
[1m[33m 46 [m~/CS100/rshell[1m[34m^M^M[m
[1m[33m 47 [mhkwan003@hammer $ bin/ls a[1m[34m^H^[[m[K-s #[1m[34m^H^[[m[K[1m[34m^H^[[m[K[1m[34m^H^[[m[Ka any[1m[34m^H^[[m[K[1m[34m^H^[[m[K[1m[34m^H^[[m[K#any t[1m[34m^H^[[m[Ks[1m[34m^H^[[m[Karugment makes it output ll[49;1H[1m[33m    [ms-a[1m[34m^M[m
[1m[33m 48 [m. .. .git bin LICENSE Makefile README.md src tests [1m[34m^M[m
[1m[33m 49 [m~/CS100/rshell[1m[34m^M^M[m
[1m[33m 50 [mhkwan003@hammer $ exit[1m[34m^M[m
[1m[33m 51 [mexit[1m[34m^M[m
[1m[33m 52 
 53 [mScript done on Fri 01 May 2015 09:06:22 PM PDT
[1m[34m~                                                                                                                             [57;1H~                                                                                                                             [58;1H~                                                                                                                             [59;1H~                                                                                                                             [m[60;109H1,1[11CAll[1;5H[?12l[?25hP+q436f\P+q6b75\P+q6b64\P+q6b72\P+q6b6c\P+q2332\P+q2334\P+q2569\P+q2a37\P+q6b31\[?25l[60;109H2[2;5H[?12l[?25h[?25l[60;109H3[3;5H[?12l[?25h[?25l[60;109H4[4;5H[?12l[?25h[?25l[60;109H5[5;5H[?12l[?25h[?25l[60;109H6[6;5H[?12l[?25h[?25l[60;109H7[7;5H[?12l[?25h[?25l[60;109H8[8;5H[?12l[?25h[?25l[60;109H9[9;5H[?12l[?25h[?25l[60;109H10,1[10;5H[?12l[?25h[?25l[60;110H1[11;5H[?12l[?25h[?25l[60;110H2[12;5H[?12l[?25h[?25l[60;110H3[13;5H[?12l[?25h[?25l[60;110H4[14;5H[?12l[?25h[?25l[60;110H5[15;5H[?12l[?25h[?25l[60;110H6[16;5H[?12l[?25h[?25l[60;110H7[17;5H[?12l[?25h[?25l[60;110H8[18;5H[?12l[?25h[?25l[60;110H9[19;5H[?12l[?25h[?25l[60;109H20[20;5H[?12l[?25h[?25l[60;110H1[21;5H[?12l[?25h[?25l[60;110H2[22;5H[?12l[?25h[?25l[60;110H3[23;5H[?12l[?25h[?25l[60;110H4[24;5H[?12l[?25h[?25l[60;110H5[25;5H[?12l[?25h[?25l[60;110H6[26;5H[?12l[?25h[?25l[60;110H7[27;5H[?12l[?25h[?25l[60;110H8[28;5H[?12l[?25h[?25l[60;110H9[29;5H[?12l[?25h[?25l[60;109H30[30;5H[?12l[?25h[?25l[60;110H1[31;5H[?12l[?25h[?25l[60;110H2[32;5H[?12l[?25h[?25l[60;110H3[33;5H[?12l[?25h[?25l[60;110H4[34;5H[?12l[?25h[?25l[60;110H5[35;5H[?12l[?25h[?25l[60;110H6[36;5H[?12l[?25h[?25l[60;110H7[37;5H[?12l[?25h[?25l[60;110H8[38;5H[?12l[?25h[?25l[60;110H9[39;5H[?12l[?25h[?25l[60;109H40[40;5H[?12l[?25h[?25l[60;110H1[41;5H[?12l[?25h[?25l[60;110H2[42;5H[?12l[?25h[?25l[60;110H3[44;5H[?12l[?25h[?25l[60;110H2[42;5H[?12l[?25h[?25l[60;110H1[41;5H[?12l[?25h[?25l[60;110H0[40;5H[?12l[?25h[?25l[60;109H39[39;5H[?12l[?25h[?25l[60;110H8[38;5H[?12l[?25h[?25l[60;110H7[37;5H[?12l[?25h[?25l[60;110H6[36;5H[?12l[?25h[?25l[60;110H5[35;5H[?12l[?25h[?25l[60;110H4[34;5H[?12l[?25h[?25l[60;110H3[33;5H[?12l[?25h[?25l[60;110H2[32;5H[?12l[?25h[?25l[60;110H1[31;5H[?12l[?25h[?25l[60;110H0[30;5H[?12l[?25h[?25l[60;109H29[29;5H[?12l[?25h[?25l[60;110H8[28;5H[?12l[?25h[?25l[60;110H7[27;5H[?12l[?25h[?25l[60;110H6[26;5H[?12l[?25h[?25l[60;110H5[25;5H[?12l[?25h[?25l[60;110H4[24;5H[?12l[?25h[?25l[60;110H3[23;5H[?12l[?25h[?25l[60;110H2[22;5H[?12l[?25h[?25l[60;110H1[21;5H[?12l[?25h[?25l[60;110H0[20;5H[?12l[?25h[?25l[60;109H19[19;5H[?12l[?25h[?25l[60;110H8[18;5H[?12l[?25h[?25l[60;110H7[17;5H[?12l[?25h[?25l[60;110H6[16;5H[?12l[?25h[?25l[60;110H5[15;5H[?12l[?25h[?25l[60;110H4[14;5H[?12l[?25h[?25l[60;110H3[13;5H[?12l[?25h[?25l[60;110H2[12;5H[?12l[?25h[?25l[60;110H1[11;5H[?12l[?25h[?25l[60;110H0[10;5H[?12l[?25h[?25l[60;109H9,1 [9;5H[?12l[?25h[?25l[60;109H8[8;5H[?12l[?25h[?25l[60;109H7[7;5H[?12l[?25h[?25l[60;109H6[6;5H[?12l[?25h[?25l[60;109H5[5;5H[?12l[?25h[?25l[60;109H4[4;5H[?12l[?25h[?25l[60;109H3[3;5H[?12l[?25h[?25l[60;109H2[2;5H[?12l[?25h[?25l[60;109H1[1;5H[?12l[?25h[?25l[60;109H2[2;5H[?12l[?25h[?25l[60;109H3[3;5H[?12l[?25h[?25l[60;109H4[4;5H[?12l[?25h[?25l[60;109H5[5;5H[?12l[?25h[?25l[60;109H6[6;5H[?12l[?25h[?25l[60;109H7[7;5H[?12l[?25h[?25l[60;109H8[8;5H[?12l[?25h[?25l[60;109H9[9;5H[?12l[?25h[?25l[60;109H10,1[10;5H[?12l[?25h[?25l[60;110H1[11;5H[?12l[?25h[?25l[60;110H2[12;5H[?12l[?25h[?25l[60;110H3[13;5H[?12l[?25h[?25l[60;110H4[14;5H[?12l[?25h[?25l[60;110H5[15;5H[?12l[?25h[?25l[60;110H6[16;5H[?12l[?25h[?25l[60;110H7[17;5H[?12l[?25h[?25l[60;110H8[18;5H[?12l[?25h[?25l[60;110H9[19;5H[?12l[?25h[?25l[60;109H20[20;5H[?12l[?25h[?25l[60;110H1[21;5H[?12l[?25h[?25l[60;110H2[22;5H[?12l[?25h[?25l[60;110H3[23;5H[?12l[?25h[?25l[60;110H4[24;5H[?12l[?25h[?25l[60;110H5[25;5H[?12l[?25h[?25l[60;110H6[26;5H[?12l[?25h[?25l[60;110H7[27;5H[?12l[?25h[?25l[60;110H8[28;5H[?12l[?25h[?25l[60;110H9[29;5H[?12l[?25h[?25l[60;109H30[30;5H[?12l[?25h[?25l[60;110H1[31;5H[?12l[?25h[?25l~/CS101[60;112H7[31;11H[?12l[?25h[?25l[60;110H2[32;11H[?12l[?25h[?25l[60;110H3[33;11H[?12l[?25h[?25l[60;110H4[34;11H[?12l[?25h[?25l[60;110H5[35;11H[?12l[?25h[?25l[60;110H6[36;11H[?12l[?25h[?25l[60;110H7[37;11H[?12l[?25h[?25l[60;110H8[38;11H[?12l[?25h[?25l[60;110H9[39;11H[?12l[?25h[?25l[60;109H40[40;11H[?12l[?25h[?25l[60;110H1[41;11H[?12l[?25h[?25l[60;110H2[42;11H[?12l[?25h[?25l[60;110H3[44;11H[?12l[?25h[?25l[60;1H[K[60;1H:[?12l[?25h1[?25l[?12l[?25h[?25l[60;2H[K[60;2H[?12l[?25hq[?25l[?12l[?25h[?25l[1m[37m[41mE37: No write since last change (add ! to override)[m[57C43,7[10CAll[44;11H[?12l[?25h[?25l[60;1H[K[60;1H:[?12l[?25hq[?25l[?12l[?25h![?25l[?12l[?25h[?25l[1m[37m[41mError detected while processing BufWinLeave Auto commands for "*":[m
[1m[37m[41mE739: Cannot create directory: /home/csmajs/hkwan003/.vim/view[m
[1m[37m[41mE190: Cannot open "/home/csmajs/hkwan003/.vim/view/~=+CS100=+rshell=+tests=+ls.script=" for writing
[m[?1l>[?12l[?25h[?1049l~/CS100/rshell/tests
hkwan003@hammer $ ls
exec.script  ls.script
~/CS100/rshell/tests
hkwan003@hammer $ ls
exec.script  ls.script
~/CS100/rshell/tests
hkwan003@hammer $ git status
# On branch ls
# Changed but not updated:
#   (use "git add/rm <file>..." to update what will be committed)
#   (use "git checkout -- <file>..." to discard changes in working directory)
#
#	deleted:    ../src/a.out
#	deleted:    ../src/lsV2.cpp
#	modified:   .nfs0000000000354acb0000004e
#
# Untracked files:
#   (use "git add <file>..." to include in what will be committed)
#
#	../bin/
no changes added to commit (use "git add" and/or "git commit -a")
~/CS100/rshell/tests
hkwan003@hammer $ git push -f
error: The requested URL returned error: 403 Forbidden while accessing https://github.com/hkwan003/rshell.git/info/refs

fatal: HTTP request failed
~/CS100/rshell/tests
hkwan003@hammer $ ls[K[Kset [K[K[K[Kgit config --flobal [K[K[K[K[K[K[Kglobal user.email hkwan003@ucr.edu
~/CS100/rshell/tests
hkwan003@hammer $ git config --global user.name hkwan003
warning: user.name has multiple values
~/CS100/rshell/tests
hkwan003@hammer $ gi[K[Kgit config --global user.name hkwan003[K[K[K[K[K[K[K[K"hkwan003"
warning: user.name has multiple values
~/CS100/rshell/tests
hkwan003@hammer $ git remote set-url origin https://github.com/hkwan003/rshell.git
~/CS100/rshell/tests
hkwan003@hammer $ git add[K[K[K[K[K[K[Kls
exec.script  ls.script
~/CS100/rshell/tests
hkwan003@hammer $ git add ls.script 
~/CS100/rshell/tests
hkwan003@hammer $ git commit -m "added script"
# On branch ls
# Changed but not updated:
#   (use "git add/rm <file>..." to update what will be committed)
#   (use "git checkout -- <file>..." to discard changes in working directory)
#
#	deleted:    ../src/a.out
#	deleted:    ../src/lsV2.cpp
#	modified:   .nfs0000000000354acb0000004e
#
# Untracked files:
#   (use "git add <file>..." to include in what will be committed)
#
#	../bin/
no changes added to commit (use "git add" and/or "git commit -a")
~/CS100/rshell/tests
hkwan003@hammer $ git push
error: The requested URL returned error: 403 Forbidden while accessing https://github.com/hkwan003/rshell.git/info/refs

fatal: HTTP request failed
~/CS100/rshell/tests
hkwan003@hammer $ git push -u origin master
error: The requested URL returned error: 403 Forbidden while accessing https://github.com/hkwan003/rshell.git/info/refs

fatal: HTTP request failed
~/CS100/rshell/tests
hkwan003@hammer $ .[Kgit remotge [K[K[Ke -v
origin	https://github.com/hkwan003/rshell.git (fetch)
origin	https://github.com/hkwan003/rshell.git (push)
~/CS100/rshell/tests
hkwan003@hammer $ git pull
remote: Counting objects: 12, done.[K
remote: Compressing objects:  10% (1/10)   [Kremote: Compressing objects:  20% (2/10)   [Kremote: Compressing objects:  30% (3/10)   [Kremote: Compressing objects:  40% (4/10)   [Kremote: Compressing objects:  50% (5/10)   [Kremote: Compressing objects:  60% (6/10)   [Kremote: Compressing objects:  70% (7/10)   [Kremote: Compressing objects:  80% (8/10)   [Kremote: Compressing objects:  90% (9/10)   [Kremote: Compressing objects: 100% (10/10)   [Kremote: Compressing objects: 100% (10/10), done.[K
remote: Total 12 (delta 2), reused 12 (delta 2), pack-reused 0[K
Unpacking objects:   8% (1/12)   Unpacking objects:  16% (2/12)   Unpacking objects:  25% (3/12)   Unpacking objects:  33% (4/12)   Unpacking objects:  41% (5/12)   Unpacking objects:  50% (6/12)   Unpacking objects:  58% (7/12)   Unpacking objects:  66% (8/12)   Unpacking objects:  75% (9/12)   Unpacking objects:  83% (10/12)   Unpacking objects:  91% (11/12)   Unpacking objects: 100% (12/12)   Unpacking objects: 100% (12/12), done.
From https://github.com/hkwan003/rshell
   3d1ca84..980f3aa  ls         -> origin/ls
   692c422..4ae1ce2  master     -> origin/master
You asked me to pull without telling me which branch you
want to merge with, and 'branch.ls.merge' in
your configuration file does not tell me, either. Please
specify which branch you want to use on the command line and
try again (e.g. 'git pull <repository> <refspec>').
See git-pull(1) for details.

If you often merge with the same branch, you may want to
use something like the following in your configuration file:

    [branch "ls"]
    remote = <nickname>
    merge = <remote-ref>

    [remote "<nickname>"]
    url = <url>
    fetch = <refspec>

See git-config(1) for details.
~/CS100/rshell/tests
hkwan003@hammer $ ls
exec.script  ls.script
~/CS100/rshell/tests
hkwan003@hammer $ git push
error: The requested URL returned error: 403 Forbidden while accessing https://github.com/hkwan003/rshell.git/info/refs

fatal: HTTP request failed
~/CS100/rshell/tests
hkwan003@hammer $ l[Kcd,l[K[K ,.,.[K[K[K[K..
~/CS100/rshell
hkwan003@hammer $ ls
[0m[01;34mbin[0m/  LICENSE  Makefile  README.md  [01;34msrc[0m/  [01;34mtests[0m/
[m~/CS100/rshell
hkwan003@hammer $ git push -f
error: The requested URL returned error: 403 Forbidden while accessing https://github.com/hkwan003/rshell.git/info/refs

fatal: HTTP request failed
~/CS100/rshell
hkwan003@hammer $ git fetch
~/CS100/rshell
hkwan003@hammer $ ls
[0m[01;34mbin[0m/  LICENSE  Makefile  README.md  [01;34msrc[0m/  [01;34mtests[0m/
[m~/CS100/rshell
hkwan003@hammer $ g